=== SVG Path Parsing Test ===

Test 1: Triangle path
SVG path: M50,10 L80,50 L20,50 Z
Expected vertices: (50,10), (80,50), (20,50)
Lottie result:
  Vertices (v): [[50,10],[80,50],[20,50]]
  In-tangents (i): [[0,0],[0,0],[0,0]]
  Out-tangents (o): [[0,0],[0,0],[0,0]]
  Closed (c): true

Test 2: Square path
SVG path: M0,0 L100,0 L100,100 L0,100 Z
Expected vertices: (0,0), (100,0), (100,100), (0,100)
Lottie result:
  Vertices (v): [[0,0],[100,0],[100,100],[0,100]]

Test 3: Relative square path
SVG path: M10,10 l20,0 l0,20 l-20,0 z
Expected vertices: (10,10), (30,10), (30,30), (10,30)
Lottie result:
  Vertices (v): [[10,10],[30,10],[30,30],[10,30]]

Test 4: Cubic Bezier curve
SVG path: M0,0 C25,0 75,100 100,100
Expected:
  Start: (0,0) with out-tangent to control point 1 (25,0)
  End: (100,100) with in-tangent from control point 2 (75,100)
Lottie result:
  Vertices (v): [[0,0],[100,100]]
  In-tangents (i): [[0,0],[-25,0]]
  Out-tangents (o): [[25,0],[0,0]]

=== Key Difference: SVG vs Lottie Bezier Representation ===

SVG uses ABSOLUTE control points:
  C x1,y1 x2,y2 x,y
  - (x1,y1): first control point (absolute position)
  - (x2,y2): second control point (absolute position)
  - (x,y): end point (absolute position)

Lottie uses RELATIVE offsets from vertices:
  - v: vertex positions (same as SVG endpoints)
  - o: out-tangent OFFSET from previous vertex to control point 1
  - i: in-tangent OFFSET from current vertex to control point 2

For the bezier above:
  SVG: Start=(0,0), CP1=(25,0), CP2=(75,100), End=(100,100)
  Lottie:
    v[0]=(0,0), o[0]=(25-0, 0-0)=(25,0) <-- offset from v[0] to CP1
    v[1]=(100,100), i[1]=(75-100, 100-100)=(-25,0) <-- offset from v[1] to CP2
